﻿[36mvite v5.4.21 [32mbuilding for production...[36m[39m
transforming...
[32mΓ£ô[39m 3 modules transformed.
node.exe : [31mx[39m 
Build failed in 135ms
At C:\Program Files\nod
ejs\npx.ps1:29 char:3
+   & $NODE_EXE 
$NPX_CLI_JS $args
+   ~~~~~~~~~~~~~~~~~~~
~~~~~~~~~~
    + CategoryInfo     
         : NotSpecifi  
  ed: ([31mx[39m B   
 uild failed in 135    
ms:String) [], Rem    
oteException
    + FullyQualifiedEr 
   rorId : NativeComm  
  andError
 
[31merror during 
build:
[31mmain.js (30:20): 
Expression 
expected[31m
file: [36mC:/Users/khw
ah/OneDrive/Desktop/TEM
PRORY FILES/DW/Trial/po
rtfolio/main.js:30:20[
31m
[33m
28:     if 
(journeyRootElement) {
29:         const root 
= createRoot(journeyRoo
tElement);
30:         root.render
(<HorizontalScrollCarou
sel />);
                       
 ^
31:     }
[31m
    at getRollupError (
file:///C:/Users/khwah/
OneDrive/Desktop/TEMPRO
RY%20FILES/DW/Trial/por
tfolio/node_modules/rol
lup/dist/es/shared/pars
eAst.js:402:41)
    at 
ParseError.initialise (
file:///C:/Users/khwah/
OneDrive/Desktop/TEMPRO
RY%20FILES/DW/Trial/por
tfolio/node_modules/rol
lup/dist/es/shared/node
-entry.js:14465:28)
    at convertNode (fil
e:///C:/Users/khwah/One
Drive/Desktop/TEMPRORY%
20FILES/DW/Trial/portfo
lio/node_modules/rollup
/dist/es/shared/node-en
try.js:16437:10)
    at convertProgram (
file:///C:/Users/khwah/
OneDrive/Desktop/TEMPRO
RY%20FILES/DW/Trial/por
tfolio/node_modules/rol
lup/dist/es/shared/node
-entry.js:15677:12)
    at 
Module.setSource (file:
///C:/Users/khwah/OneDr
ive/Desktop/TEMPRORY%20
FILES/DW/Trial/portfoli
o/node_modules/rollup/d
ist/es/shared/node-entr
y.js:17392:24)
    at async ModuleLoad
er.addModuleSource (fil
e:///C:/Users/khwah/One
Drive/Desktop/TEMPRORY%
20FILES/DW/Trial/portfo
lio/node_modules/rollup
/dist/es/shared/node-en
try.js:21474:13)[39m
